// Jest Snapshot v1, https://goo.gl/fbAQLP

exports[`TooltipGate should match snapshot 1`] = `
<DocumentFragment>
  <span
    data-testid="tooltip_trigger"
  >
    test
  </span>
</DocumentFragment>
`;
